2026-03-10 16:24:44.177 [info] [main] Log level: Info
2026-03-10 16:24:44.177 [info] [main] Validating found git in: "git"
2026-03-10 16:24:44.177 [info] [main] Using git "2.43.0" from "git"
2026-03-10 16:24:44.177 [info] [Model][doInitialScan] Initial repository scan started
2026-03-10 16:24:44.177 [info] > git rev-parse --show-toplevel [3ms]
2026-03-10 16:24:44.178 [info] fatal: not a git repository (or any parent up to mount point /var)
Stopping at filesystem boundary (GIT_DISCOVERY_ACROSS_FILESYSTEM not set).
2026-03-10 16:24:44.178 [info] > git rev-parse --show-toplevel [4ms]
2026-03-10 16:24:44.178 [info] fatal: not a git repository (or any parent up to mount point /var)
Stopping at filesystem boundary (GIT_DISCOVERY_ACROSS_FILESYSTEM not set).
2026-03-10 16:24:44.178 [info] > git rev-parse --show-toplevel [4ms]
2026-03-10 16:24:44.178 [info] fatal: not a git repository (or any parent up to mount point /var)
Stopping at filesystem boundary (GIT_DISCOVERY_ACROSS_FILESYSTEM not set).
2026-03-10 16:24:44.178 [info] > git rev-parse --show-toplevel [3ms]
2026-03-10 16:24:44.178 [info] fatal: not a git repository (or any parent up to mount point /var)
Stopping at filesystem boundary (GIT_DISCOVERY_ACROSS_FILESYSTEM not set).
2026-03-10 16:24:44.180 [info] > git rev-parse --show-toplevel [4ms]
2026-03-10 16:24:44.180 [info] fatal: not a git repository (or any parent up to mount point /var)
Stopping at filesystem boundary (GIT_DISCOVERY_ACROSS_FILESYSTEM not set).
2026-03-10 16:24:44.194 [info] > git rev-parse --show-toplevel [8ms]
2026-03-10 16:24:44.194 [info] fatal: not a git repository (or any parent up to mount point /var)
Stopping at filesystem boundary (GIT_DISCOVERY_ACROSS_FILESYSTEM not set).
2026-03-10 16:24:44.210 [info] > git rev-parse --show-toplevel [3ms]
2026-03-10 16:24:44.210 [info] fatal: not a git repository (or any parent up to mount point /var)
Stopping at filesystem boundary (GIT_DISCOVERY_ACROSS_FILESYSTEM not set).
2026-03-10 16:24:44.217 [info] [Model][doInitialScan] Initial repository scan completed - repositories (0), closed repositories (0), parent repositories (0), unsafe repositories (0)
2026-03-10 16:24:44.264 [info] > git rev-parse --show-toplevel [43ms]
2026-03-10 16:24:44.264 [info] fatal: not a git repository (or any parent up to mount point /var)
Stopping at filesystem boundary (GIT_DISCOVERY_ACROSS_FILESYSTEM not set).
2026-03-10 16:24:44.402 [info] > git rev-parse --show-toplevel [4ms]
2026-03-10 16:24:44.402 [info] fatal: not a git repository (or any parent up to mount point /var)
Stopping at filesystem boundary (GIT_DISCOVERY_ACROSS_FILESYSTEM not set).
2026-03-10 16:24:45.636 [info] > git rev-parse --show-toplevel [3ms]
2026-03-10 16:24:45.636 [info] fatal: not a git repository (or any parent up to mount point /var)
Stopping at filesystem boundary (GIT_DISCOVERY_ACROSS_FILESYSTEM not set).
2026-03-10 16:25:16.339 [info] > git rev-parse --show-toplevel [5ms]
2026-03-10 16:25:16.340 [info] fatal: not a git repository (or any parent up to mount point /var)
Stopping at filesystem boundary (GIT_DISCOVERY_ACROSS_FILESYSTEM not set).
2026-03-10 16:25:18.760 [info] > git rev-parse --show-toplevel [2ms]
2026-03-10 16:25:18.760 [info] fatal: not a git repository (or any parent up to mount point /var)
Stopping at filesystem boundary (GIT_DISCOVERY_ACROSS_FILESYSTEM not set).
2026-03-10 16:25:20.706 [info] > git rev-parse --show-toplevel [3ms]
2026-03-10 16:25:20.706 [info] fatal: not a git repository (or any parent up to mount point /var)
Stopping at filesystem boundary (GIT_DISCOVERY_ACROSS_FILESYSTEM not set).
2026-03-10 16:25:30.083 [info] > git rev-parse --show-toplevel [8ms]
2026-03-10 16:25:30.083 [info] fatal: not a git repository (or any parent up to mount point /var)
Stopping at filesystem boundary (GIT_DISCOVERY_ACROSS_FILESYSTEM not set).
