2026-03-10 16:24:43.545 [info] Extension host with pid 408 started
2026-03-10 16:24:43.556 [info] Lock '/config/data/User/workspaceStorage/-1444d62e/vscode.lock': Lock acquired.
2026-03-10 16:24:43.741 [info] ExtensionService#_doActivateExtension vscode.github-authentication, startup: false, activationEvent: 'onAuthenticationRequest:github'
2026-03-10 16:24:43.742 [info] ExtensionService#_doActivateExtension vscode.emmet, startup: false, activationEvent: 'onLanguage'
2026-03-10 16:24:43.870 [info] ExtensionService#_doActivateExtension vscode.git-base, startup: true, activationEvent: '*', root cause: vscode.git
2026-03-10 16:24:43.947 [info] ExtensionService#_doActivateExtension vscode.git, startup: true, activationEvent: '*'
2026-03-10 16:24:43.948 [info] ExtensionService#_doActivateExtension vscode.github, startup: true, activationEvent: '*'
2026-03-10 16:24:44.113 [info] Eager extensions activated
2026-03-10 16:24:44.114 [info] ExtensionService#_doActivateExtension vscode.debug-auto-launch, startup: false, activationEvent: 'onStartupFinished'
2026-03-10 16:24:44.115 [info] ExtensionService#_doActivateExtension vscode.merge-conflict, startup: false, activationEvent: 'onStartupFinished'
2026-03-10 16:25:16.010 [info] ExtensionService#_doActivateExtension vscode.configuration-editing, startup: false, activationEvent: 'onLanguage:jsonc'
2026-03-10 16:25:16.012 [info] ExtensionService#_doActivateExtension vscode.json-language-features, startup: false, activationEvent: 'onLanguage:jsonc'
2026-03-10 16:25:16.013 [info] ExtensionService#_doActivateExtension vscode.typescript-language-features, startup: false, activationEvent: 'onLanguage:jsonc'
2026-03-10 21:31:33.090 [info] Extension host terminating: renderer disconnected for too long (1)
2026-03-10 21:31:33.093 [info] Lock '/config/data/User/workspaceStorage/-1444d62e/vscode.lock': Marking the lockfile as scheduled to be released in 6000 ms.
2026-03-10 21:31:33.120 [error] ProxyResolver#resolveProxy undefined Canceled: Canceled
	at vu (file:///app/code-server/lib/vscode/out/vs/workbench/api/node/extensionHostProcess.js:7:1394)
	at file:///app/code-server/lib/vscode/out/vs/workbench/api/node/extensionHostProcess.js:29:130059
	at Array.forEach (<anonymous>)
	at rx.dispose (file:///app/code-server/lib/vscode/out/vs/workbench/api/node/extensionHostProcess.js:29:129999)
	at Ate.terminate (file:///app/code-server/lib/vscode/out/vs/workbench/api/node/extensionHostProcess.js:120:10238)
	at _R.terminate (file:///app/code-server/lib/vscode/out/vs/workbench/api/node/extensionHostProcess.js:122:914)
	at Br (file:///app/code-server/lib/vscode/out/vs/workbench/api/node/extensionHostProcess.js:404:11145)
	at sk.a (file:///app/code-server/lib/vscode/out/vs/workbench/api/node/extensionHostProcess.js:404:7971)
	at sk.h (file:///app/code-server/lib/vscode/out/vs/workbench/api/node/extensionHostProcess.js:28:76916)
	at listOnTimeout (node:internal/timers:588:17)
	at process.processTimers (node:internal/timers:523:7) 
2026-03-10 21:31:33.138 [info] Extension host with pid 408 exiting with code 0
